Last login: Sat Apr  3 22:45:19 on ttys001
tinawang@Tinas-MacBook-Pro ~ % command
tinawang@Tinas-MacBook-Pro ~ % ps aux | grep mysql
_mysql             135   0.0  0.0  4689528   3796   ??  Ss    2:08PM   0:04.28 /usr/local/mysql/bin/mysqld --user=_mysql --basedir=/usr/local/mysql --datadir=/usr/local/mysql/data --plugin-dir=/usr/local/mysql/lib/plugin --log-error=/usr/local/mysql/data/mysqld.local.err --pid-file=/usr/local/mysql/data/mysqld.local.pid
tinawang          3040   0.0  0.0  4285816    716 s001  S+   11:00PM   0:00.01 grep mysql
tinawang@Tinas-MacBook-Pro ~ % brew service stop mysql
Error: Unknown command: service
tinawang@Tinas-MacBook-Pro ~ % brew services stop mysql
Error: Service `mysql` is not started.
tinawang@Tinas-MacBook-Pro ~ % ls
AnacondaProjects	FLUSH			Public			first.txt
Applications		Library			Untitled Folder		mysql
Desktop			Movies			WHERE			new.txt
Documents		Music			anaconda3		opt
Downloads		Pictures		branch_time		test_folder
tinawang@Tinas-MacBook-Pro ~ % brew services ls
Warning: No services available to control with `brew services`
tinawang@Tinas-MacBook-Pro ~ % brew services list
Warning: No services available to control with `brew services`
tinawang@Tinas-MacBook-Pro ~ % brew services start mysql
Error: Formula `mysql` is not installed.
tinawang@Tinas-MacBook-Pro ~ % cd /usr/local/mysql/data
cd: permission denied: /usr/local/mysql/data
tinawang@Tinas-MacBook-Pro ~ % sudo cd /usr/local/mysql/data
Password:
tinawang@Tinas-MacBook-Pro ~ % pwd
/Users/tinawang
tinawang@Tinas-MacBook-Pro ~ % sudo pwd
/Users/tinawang
tinawang@Tinas-MacBook-Pro ~ % sudo su
sh-3.2# cd /usr/local/mysql/data
sh-3.2# ls
Tinas-MacBook-Pro.local.err	ib_logfile1			mysqld.local.err
auto.cnf			ibdata1				mysqld.local.pid
ib_buffer_pool			ibtmp1				performance_schema
ib_logfile0			mysql				sys
sh-3.2# pwd
/usr/local/mysql/data
sh-3.2# cd ..
sh-3.2# ls
COPYING		bin		docs		lib		share
README		data		include		man		support-files
sh-3.2# ls -al
total 48
drwxr-xr-x  12 root    wheel     384 Jan  8 00:48 .
drwxr-xr-x  18 root    wheel     576 Mar 11 11:36 ..
-rw-r--r--   1 root    wheel   17987 Sep 28  2016 COPYING
-rw-r--r--   1 root    wheel    2478 Sep 28  2016 README
drwxr-xr-x  40 root    wheel    1280 Sep 28  2016 bin
drwxr-x---  14 _mysql  _mysql    448 Apr  3 14:08 data
drwxr-xr-x   5 root    wheel     160 Sep 28  2016 docs
drwxr-xr-x  50 root    wheel    1600 Sep 28  2016 include
drwxr-xr-x  11 root    wheel     352 Jan  8 00:48 lib
drwxr-xr-x   4 root    wheel     128 Sep 28  2016 man
drwxr-xr-x  39 root    wheel    1248 Sep 28  2016 share
drwxr-xr-x   7 root    wheel     224 Sep 28  2016 support-files
sh-3.2# rm -r data
sh-3.2# exit
tinawang@Tinas-MacBook-Pro ~ % ps aux | grep mysql
tinawang          3765   0.0  0.0  4295032    728 s001  S+   11:12PM   0:00.01 grep mysql
_mysql             135   0.0  0.0  4689528   3788   ??  Ss    2:08PM   0:04.46 /usr/local/mysql/bin/mysqld --user=_mysql --basedir=/usr/local/mysql --datadir=/usr/local/mysql/data --plugin-dir=/usr/local/mysql/lib/plugin --log-error=/usr/local/mysql/data/mysqld.local.err --pid-file=/usr/local/mysql/data/mysqld.local.pid
tinawang@Tinas-MacBook-Pro ~ % sudo kill -9 135
Password:
tinawang@Tinas-MacBook-Pro ~ % ps aux | grep mysql
tinawang          3773   0.0  0.0  4268300    464 s001  R+   11:13PM   0:00.00 grep mysql
tinawang@Tinas-MacBook-Pro ~ % 
